// Jest Snapshot v1, https://goo.gl/fbAQLP

exports[`renders correctly 1`] = `
<View
  style={
    {
      "borderRadius": 21.428571428571427,
      "height": 289.2857142857143,
      "marginVertical": "2%",
      "overflow": "hidden",
    }
  }
>
  <View
    accessibilityState={
      {
        "busy": undefined,
        "checked": undefined,
        "disabled": undefined,
        "expanded": undefined,
        "selected": undefined,
      }
    }
    accessibilityValue={
      {
        "max": undefined,
        "min": undefined,
        "now": undefined,
        "text": undefined,
      }
    }
    accessible={true}
    collapsable={false}
    focusable={true}
    onClick={[Function]}
    onResponderGrant={[Function]}
    onResponderMove={[Function]}
    onResponderRelease={[Function]}
    onResponderTerminate={[Function]}
    onResponderTerminationRequest={[Function]}
    onStartShouldSetResponder={[Function]}
    style={
      {
        "alignItems": "center",
        "alignSelf": "center",
        "backgroundColor": "#d11a2a",
        "height": "50%",
        "justifyContent": "center",
        "opacity": 1,
        "paddingHorizontal": "2%",
        "width": "100%",
      }
    }
  >
    <Text
      style={
        {
          "alignSelf": "center",
          "color": "white",
        }
      }
    >
      Delete
    </Text>
  </View>
  <View
    accessibilityState={
      {
        "busy": undefined,
        "checked": undefined,
        "disabled": undefined,
        "expanded": undefined,
        "selected": undefined,
      }
    }
    accessibilityValue={
      {
        "max": undefined,
        "min": undefined,
        "now": undefined,
        "text": undefined,
      }
    }
    accessible={true}
    collapsable={false}
    focusable={true}
    onClick={[Function]}
    onResponderGrant={[Function]}
    onResponderMove={[Function]}
    onResponderRelease={[Function]}
    onResponderTerminate={[Function]}
    onResponderTerminationRequest={[Function]}
    onStartShouldSetResponder={[Function]}
    style={
      {
        "alignItems": "center",
        "alignSelf": "center",
        "backgroundColor": "#3D7BED",
        "height": "50%",
        "justifyContent": "center",
        "opacity": 1,
        "paddingHorizontal": "2%",
        "width": "100%",
      }
    }
  >
    <Text
      style={
        {
          "alignSelf": "center",
          "color": "white",
        }
      }
    >
      Pin
    </Text>
  </View>
</View>
`;
